   1               		.file	"random.c"
   2               		.arch atmega103
   3               	__SREG__ = 0x3f
   4               	__SP_H__ = 0x3e
   5               	__SP_L__ = 0x3d
   6               	__tmp_reg__ = 0
   7               	__zero_reg__ = 1
   8               		.global __do_copy_data
   9               		.global __do_clear_bss
  17               	.Ltext0:
  18               	.global	random_init
  20               	random_init:
  21               	.LFB15:
  22               	.LM1:
  23               	/* prologue: frame size=0 */
  24               	/* prologue end (size=0) */
  25               	.LM2:
  26               	/* #APP */
  27 0000 4FB7      		in r20, __SREG__
  28 0002 F894      		cli
  29               		
  30               	.LM3:
  31               	/* #NOAPP */
  32 0004 2091 0000 		lds r18,node_address
  33 0008 3091 0000 		lds r19,(node_address)+1
  34 000c 932F      		mov r25,r19
  35 000e 822F      		mov r24,r18
  36 0010 61E5      		ldi r22,lo8(14161)
  37 0012 77E3      		ldi r23,hi8(14161)
  38 0014 0E94 0000 		call __mulhi3
  39 0018 8F5A      		subi r24,lo8(-(14161))
  40 001a 984C      		sbci r25,hi8(-(14161))
  41 001c 9093 0000 		sts (randomst)+1,r25
  42 0020 8093 0000 		sts randomst,r24
  43               	.LM4:
  44 0024 9093 0000 		sts (randomst+2)+1,r25
  45 0028 8093 0000 		sts randomst+2,r24
  46               	.LM5:
  47 002c 932F      		mov r25,r19
  48 002e 822F      		mov r24,r18
  49 0030 65E8      		ldi r22,lo8(3973)
  50 0032 7FE0      		ldi r23,hi8(3973)
  51 0034 0E94 0000 		call __mulhi3
  52 0038 8B57      		subi r24,lo8(-(3973))
  53 003a 904F      		sbci r25,hi8(-(3973))
  54 003c 9093 0000 		sts (randomst+4)+1,r25
  55 0040 8093 0000 		sts randomst+4,r24
  56               	.LM6:
  57               	/* #APP */
  58 0044 4FBF      		out __SREG__, r20
  59               		
  60               	/* #NOAPP */
  61               	/* epilogue: frame size=0 */
  62 0046 0895      		ret
  63               	/* epilogue end (size=1) */
  64               	/* function random_init size 43 (42) */
  65               	.LFE15:
  67               	.global	ker_rand
  69               	ker_rand:
  70               	.LFB16:
  71               	.LM7:
  72               	/* prologue: frame size=0 */
  73               	/* prologue end (size=0) */
  74               	.LM8:
  75               	/* #APP */
  76 0048 8FB7      		in r24, __SREG__
  77 004a F894      		cli
  78               		
  79               	.LM9:
  80               	/* #NOAPP */
  81 004c 2091 0000 		lds r18,randomst
  82 0050 3091 0000 		lds r19,(randomst)+1
  83               	.LM10:
  84               	/* #APP */
  85 0054 8FBF      		out __SREG__, r24
  86               		
  87               	.LM11:
  88               	/* #NOAPP */
  89 0056 832F      		mov r24,r19
  90 0058 881F      		rol r24
  91 005a 8827      		clr r24
  92 005c 881F      		rol r24
  93               	.LM12:
  94 005e 220F      		lsl r18
  95 0060 331F      		rol r19
  96               	.LM13:
  97 0062 8823      		tst r24
  98 0064 21F0      		breq .L4
  99               	.LM14:
 100 0066 8BE0      		ldi r24,lo8(4107)
 101 0068 90E1      		ldi r25,hi8(4107)
 102 006a 2827      		eor r18,r24
 103 006c 3927      		eor r19,r25
 104               	.L4:
 105               	.LM15:
 106 006e 2F5F      		subi r18,lo8(-(1))
 107 0070 3F4F      		sbci r19,hi8(-(1))
 108               	.LM16:
 109               	/* #APP */
 110 0072 8FB7      		in r24, __SREG__
 111 0074 F894      		cli
 112               		
 113               	.LM17:
 114               	/* #NOAPP */
 115 0076 3093 0000 		sts (randomst)+1,r19
 116 007a 2093 0000 		sts randomst,r18
 117               	.LM18:
 118               	/* #APP */
 119 007e 8FBF      		out __SREG__, r24
 120               		
 121               	.LM19:
 122               	/* #NOAPP */
 123 0080 8091 0000 		lds r24,randomst+4
 124 0084 9091 0000 		lds r25,(randomst+4)+1
 125               	.LM20:
 126 0088 8227      		eor r24,r18
 127 008a 9327      		eor r25,r19
 128               	/* epilogue: frame size=0 */
 129 008c 0895      		ret
 130               	/* epilogue end (size=1) */
 131               	/* function ker_rand size 49 (48) */
 132               	.LFE16:
 134               		.lcomm randomst,6
 135               	.Letext0:
DEFINED SYMBOLS
                            *ABS*:00000000 random.c
c:\DOCUME~1\jlhsu\LOCALS~1\Temp/ccERdaaa.s:3      *ABS*:0000003f __SREG__
c:\DOCUME~1\jlhsu\LOCALS~1\Temp/ccERdaaa.s:4      *ABS*:0000003e __SP_H__
c:\DOCUME~1\jlhsu\LOCALS~1\Temp/ccERdaaa.s:5      *ABS*:0000003d __SP_L__
c:\DOCUME~1\jlhsu\LOCALS~1\Temp/ccERdaaa.s:6      *ABS*:00000000 __tmp_reg__
c:\DOCUME~1\jlhsu\LOCALS~1\Temp/ccERdaaa.s:7      *ABS*:00000001 __zero_reg__
c:\DOCUME~1\jlhsu\LOCALS~1\Temp/ccERdaaa.s:20     .text:00000000 random_init
                             .bss:00000000 randomst
c:\DOCUME~1\jlhsu\LOCALS~1\Temp/ccERdaaa.s:69     .text:00000048 ker_rand

UNDEFINED SYMBOLS
__do_copy_data
__do_clear_bss
node_address
__mulhi3
